Running 106 tests in parallel using 16 processes
Run options: --seed 49247

# Running:

..................E

Error:
MetadataControllerTest#test_should_destroy_metadatum:
ArgumentError: wrong number of arguments (given 1, expected 0)
    test/controllers/metadata_controller_test.rb:5:in 'block in <class:MetadataControllerTest>'

bin/rails test test/controllers/metadata_controller_test.rb:41

.E

Error:
MetadataControllerTest#test_should_create_metadatum:
ArgumentError: wrong number of arguments (given 1, expected 0)
    test/controllers/metadata_controller_test.rb:5:in 'block in <class:MetadataControllerTest>'

bin/rails test test/controllers/metadata_controller_test.rb:18

..E

Error:
MetadataControllerTest#test_should_update_metadatum:
ArgumentError: wrong number of arguments (given 1, expected 0)
    test/controllers/metadata_controller_test.rb:5:in 'block in <class:MetadataControllerTest>'

bin/rails test test/controllers/metadata_controller_test.rb:36

.E

Error:
MetadataControllerTest#test_should_show_metadatum:
ArgumentError: wrong number of arguments (given 1, expected 0)
    test/controllers/metadata_controller_test.rb:5:in 'block in <class:MetadataControllerTest>'

bin/rails test test/controllers/metadata_controller_test.rb:26

E

Error:
MetadataControllerTest#test_should_get_new:
ArgumentError: wrong number of arguments (given 1, expected 0)
    test/controllers/metadata_controller_test.rb:5:in 'block in <class:MetadataControllerTest>'

bin/rails test test/controllers/metadata_controller_test.rb:13

..E

Error:
MetadataControllerTest#test_should_get_index:
ArgumentError: wrong number of arguments (given 1, expected 0)
    test/controllers/metadata_controller_test.rb:5:in 'block in <class:MetadataControllerTest>'

bin/rails test test/controllers/metadata_controller_test.rb:8

.E

Error:
MetadataControllerTest#test_should_get_edit:
ArgumentError: wrong number of arguments (given 1, expected 0)
    test/controllers/metadata_controller_test.rb:5:in 'block in <class:MetadataControllerTest>'

bin/rails test test/controllers/metadata_controller_test.rb:31

.............E

Error:
HomeControllerTest#test_should_get_index:
NameError: undefined local variable or method 'home_index_url' for an instance of HomeControllerTest
    test/controllers/home_controller_test.rb:5:in 'block in <class:HomeControllerTest>'

bin/rails test test/controllers/home_controller_test.rb:4

...F

Failure:
MetadataTypesControllerTest#test_should_get_index [test/controllers/metadata_types_controller_test.rb:10]:
Expected response to be a <2XX: success>, but was a <302: Found> redirect to <http://www.example.com/users/sign_in>
Response body: 

bin/rails test test/controllers/metadata_types_controller_test.rb:8

F

Failure:
MetadataTypesControllerTest#test_should_get_edit [test/controllers/metadata_types_controller_test.rb:75]:
Expected response to be a <2XX: success>, but was a <302: Found> redirect to <http://www.example.com/users/sign_in>
Response body: 

bin/rails test test/controllers/metadata_types_controller_test.rb:73

F

Failure:
MetadataTypesControllerTest#test_metadata_values_filters_by_search_query [test/controllers/metadata_types_controller_test.rb:27]:
Expected response to be a <2XX: success>, but was a <302: Found> redirect to <http://www.example.com/users/sign_in>
Response body: 

bin/rails test test/controllers/metadata_types_controller_test.rb:21

F

Failure:
MetadataTypesControllerTest#test_should_update_metadata_type [test/controllers/metadata_types_controller_test.rb:80]:
Expected response to be a redirect to <http://www.example.com/metadata_types/980190962> but was a redirect to <http://www.example.com/users/sign_in>.
Expected "http://www.example.com/metadata_types/980190962" to be === "http://www.example.com/users/sign_in".

bin/rails test test/controllers/metadata_types_controller_test.rb:78

.F

Failure:
MetadataTypesControllerTest#test_metadata_values_filters_by_review_status [test/controllers/metadata_types_controller_test.rb:38]:
Expected response to be a <2XX: success>, but was a <302: Found> redirect to <http://www.example.com/users/sign_in>
Response body: 

bin/rails test test/controllers/metadata_types_controller_test.rb:32

F

Failure:
MetadataTypesControllerTest#test_should_show_metadata_type [test/controllers/metadata_types_controller_test.rb:70]:
Expected response to be a <2XX: success>, but was a <302: Found> redirect to <http://www.example.com/users/sign_in>
Response body: 

bin/rails test test/controllers/metadata_types_controller_test.rb:68

.F

Failure:
MetadataTypesControllerTest#test_should_create_metadata_type [test/controllers/metadata_types_controller_test.rb:61]:
`MetadataType.count` didn't change by 1, but by 0.
Expected: 3
  Actual: 2

bin/rails test test/controllers/metadata_types_controller_test.rb:60

F

Failure:
MetadataTypesControllerTest#test_should_get_new [test/controllers/metadata_types_controller_test.rb:57]:
Expected response to be a <2XX: success>, but was a <302: Found> redirect to <http://www.example.com/users/sign_in>
Response body: 

bin/rails test test/controllers/metadata_types_controller_test.rb:55

.........F

Failure:
MetadataTypesControllerTest#test_metadata_values_renders_turbo_frame [test/controllers/metadata_types_controller_test.rb:16]:
Expected response to be a <2XX: success>, but was a <302: Found> redirect to <http://www.example.com/users/sign_in>
Response body: 

bin/rails test test/controllers/metadata_types_controller_test.rb:13

.F

Failure:
MetadataTypesControllerTest#test_should_destroy_metadata_type [test/controllers/metadata_types_controller_test.rb:84]:
`MetadataType.count` didn't change by -1, but by 0.
Expected: 1
  Actual: 2

bin/rails test test/controllers/metadata_types_controller_test.rb:83

...F

Failure:
MetadataTypesControllerTest#test_metadata_values_limits_initial_result_count [test/controllers/metadata_types_controller_test.rb:50]:
Expected response to be a <2XX: success>, but was a <302: Found> redirect to <http://www.example.com/users/sign_in>
Response body: 

bin/rails test test/controllers/metadata_types_controller_test.rb:43

............F

Failure:
ContentsControllerTest#test_metadata_sorting_uses_the_lowest_value_per_type_and_keeps_missing_values_last [test/controllers/contents_controller_test.rb:615]:
--- expected
+++ actual
@@ -1 +1 @@
-["River Archive", "Mountain File", "Untagged File"]
+["River Archive", "Mountain File", "MyString", "MyString", "Untagged File"]


bin/rails test test/controllers/contents_controller_test.rb:571

.F

Failure:
ContentsControllerTest#test_failed_create_restores_the_selected_metadata_badges [test/controllers/contents_controller_test.rb:107]:
Expected at least 1 element matching "input#content_metadatum_ids_980190965[checked='checked'][value='980190965']", found 0.
Expected 0 to be >= 1.

bin/rails test test/controllers/contents_controller_test.rb:95

....F

Failure:
ContentsControllerTest#test_stale_malformed_and_partial_sort_requests_preserve_the_active_sort [test/controllers/contents_controller_test.rb:536]:
--- expected
+++ actual
@@ -1 +1 @@
-["Mountain File", "River Archive"]
+["Mountain File", "MyString", "MyString", "River Archive"]


bin/rails test test/controllers/contents_controller_test.rb:527

.F

Failure:
ContentsControllerTest#test_sorting_another_column_replaces_the_active_sort [test/controllers/contents_controller_test.rb:407]:
--- expected
+++ actual
@@ -1 +1 @@
-["Display Match", "Display Miss"]
+["Display Match", "Display Miss", "MyString", "MyString"]


bin/rails test test/controllers/contents_controller_test.rb:394

E

Error:
ContentsControllerTest#test_authorized_users_can_add_and_select_a_new_metadatum:
NoMethodError: undefined method 'add_new_metadatum?' for an instance of MetadatumPolicy
    app/controllers/contents_controller.rb:72:in 'ContentsController#add_new_metadatum'
    test/controllers/contents_controller_test.rb:132:in 'block (2 levels) in <class:ContentsControllerTest>'
    test/controllers/contents_controller_test.rb:131:in 'block in <class:ContentsControllerTest>'

bin/rails test test/controllers/contents_controller_test.rb:130

F

Failure:
ContentsControllerTest#test_all_fixed_database_columns_apply_ascending_descending_and_null-last_ordering [test/controllers/contents_controller_test.rb:472]:
ID ascending.
--- expected
+++ actual
@@ -1 +1 @@
-["River Archive", "Mountain File", "Third File"]
+["MyString", "MyString", "River Archive", "Mountain File", "Third File"]


bin/rails test test/controllers/contents_controller_test.rb:413

.F

Failure:
ContentsControllerTest#test_sort_header_sends_current_state_and_server_advances_through_all_three_states [test/controllers/contents_controller_test.rb:372]:
--- expected
+++ actual
@@ -1 +1 @@
-["River Archive", "Zulu File", "Mountain File"]
+["MyString", "MyString", "River Archive", "Zulu File", "Mountain File"]


bin/rails test test/controllers/contents_controller_test.rb:360

....F

Failure:
ContentsControllerTest#test_sort_persists_across_filters_per_page_and_pagination [test/controllers/contents_controller_test.rb:524]:
--- expected
+++ actual
@@ -1 +1 @@
-["Sorted Extra 08", "Sorted Extra 09", "Sorted Extra 10"]
+["Sorted Extra 06", "Sorted Extra 07", "Sorted Extra 08", "Sorted Extra 09", "Sorted Extra 10"]


bin/rails test test/controllers/contents_controller_test.rb:500



Finished in 5.524736s, 19.1864 runs/s, 155.4825 assertions/s.
106 runs, 859 assertions, 18 failures, 9 errors, 0 skips
